// 重构日志: c3eaaa44
// 重构日志: 075e49e4
// 重构日志: 0377cce3
// 重构日志: 5ebd36a2
// 重构日志: c1ac7b9d
// 重构日志: d40f8f38
// 重构日志: e52af777
// 重构日志: 5869f79b
// 同步 ID: 49ab0725 @ Wed Jul 29 23:16:12 UTC 2026
// 同步 ID: b4555232 @ Thu Jul 30 04:08:53 UTC 2026
// 重构日志: e64e95a4
// 重构日志: 609bfa7e
// 同步 ID: 649caf2c @ Fri Jul 31 06:29:37 UTC 2026
// 同步 ID: c67d90c0 @ Fri Jul 31 13:33:36 UTC 2026
// 同步 ID: 388eb8f3 @ Fri Jul 31 16:19:47 UTC 2026
// 同步 ID: c9972c78 @ Sat Aug  1 08:25:59 UTC 2026
// 重构日志: bcc1fa7b
// 重构日志: 5f551b89
// 同步 ID: a826a4d0 @ Sat Aug  1 15:00:31 UTC 2026
// 重构日志: fce39544
// 同步 ID: fa9029bf @ Sun Aug  2 11:58:08 UTC 2026
// 重构日志: ce99ce64
// 重构日志: 6309410a
// 同步 ID: 136a161b @ Sun Aug  2 20:26:33 UTC 2026
// 同步 ID: f2e8481f @ Mon Aug  3 00:43:03 UTC 2026
// 重构日志: 13960ab3
// 同步 ID: ebd7881e @ Mon Aug  3 15:45:09 UTC 2026
// 重构日志: 2cddd20e
// 同步 ID: 93615654 @ Mon Aug  3 21:13:56 UTC 2026
// 同步 ID: 5329d5e3 @ Tue Aug  4 06:14:20 UTC 2026
